This is XeTeX, Version 3.141592653-2.6-0.999998 (TeX Live 2026) (preloaded format=xelatex 2026.6.22)  8 JUL 2026 17:08
entering extended mode
 restricted \write18 enabled.
 %&-line parsing enabled.
**report.tex
(./report.tex
LaTeX2e <2025-11-01>
L3 programming layer <2026-01-19>
(/usr/local/texlive/2026/texmf-dist/tex/latex/base/article.cls
Document Class: article 2025/01/22 v1.4n Standard LaTeX document class
(/usr/local/texlive/2026/texmf-dist/tex/latex/base/size11.clo
File: size11.clo 2025/01/22 v1.4n Standard LaTeX file (size option)
)
\c@part=\count271
\c@section=\count272
\c@subsection=\count273
\c@subsubsection=\count274
\c@paragraph=\count275
\c@subparagraph=\count276
\c@figure=\count277
\c@table=\count278
\abovecaptionskip=\skip49
\belowcaptionskip=\skip50
\bibindent=\dimen148
)
(/usr/local/texlive/2026/texmf-dist/tex/latex/geometry/geometry.sty
Package: geometry 2026/03/07 v6.0 Page Geometry

(/usr/local/texlive/2026/texmf-dist/tex/latex/graphics/keyval.sty
Package: keyval 2022/05/29 v1.15 key=value parser (DPC)
\KV@toks@=\toks17
)
(/usr/local/texlive/2026/texmf-dist/tex/generic/iftex/ifvtex.sty
Package: ifvtex 2019/10/25 v1.7 ifvtex legacy package. Use iftex instead.

(/usr/local/texlive/2026/texmf-dist/tex/generic/iftex/iftex.sty
Package: iftex 2024/12/12 v1.0g TeX engine tests
))
\Gm@cnth=\count279
\Gm@cntv=\count280
\c@Gm@tempcnt=\count281
\Gm@bindingoffset=\dimen149
\Gm@wd@mp=\dimen150
\Gm@odd@mp=\dimen151
\Gm@even@mp=\dimen152
\Gm@layoutwidth=\dimen153
\Gm@layoutheight=\dimen154
\Gm@layouthoffset=\dimen155
\Gm@layoutvoffset=\dimen156
\Gm@dimlist=\toks18
)
(/usr/local/texlive/2026/texmf-dist/tex/latex/fontspec/fontspec.sty
(/usr/local/texlive/2026/texmf-dist/tex/latex/l3packages/xparse/xparse.sty
(/usr/local/texlive/2026/texmf-dist/tex/latex/l3kernel/expl3.sty
Package: expl3 2026-01-19 L3 programming layer (loader) 

(/usr/local/texlive/2026/texmf-dist/tex/latex/l3backend/l3backend-xetex.def
File: l3backend-xetex.def 2025-10-09 L3 backend support: XeTeX
\g__graphics_track_int=\count282
\g__pdfannot_backend_int=\count283
\g__pdfannot_backend_link_int=\count284
))
Package: xparse 2025-10-09 L3 Experimental document command parser
)
Package: fontspec 2025/09/29 v2.9g Font selection for XeLaTeX and LuaLaTeX

(/usr/local/texlive/2026/texmf-dist/tex/latex/fontspec/fontspec-xetex.sty
Package: fontspec-xetex 2025/09/29 v2.9g Font selection for XeLaTeX and LuaLaTe
X
\l__fontspec_script_int=\count285
\l__fontspec_language_int=\count286
\l__fontspec_strnum_int=\count287
\l__fontspec_tmp_int=\count288
\l__fontspec_tmpa_int=\count289
\l__fontspec_tmpb_int=\count290
\l__fontspec_tmpc_int=\count291
\l__fontspec_em_int=\count292
\l__fontspec_emdef_int=\count293
\l__fontspec_strong_int=\count294
\l__fontspec_strongdef_int=\count295
\l__fontspec_tmpa_dim=\dimen157
\l__fontspec_tmpb_dim=\dimen158
\l__fontspec_tmpc_dim=\dimen159

(/usr/local/texlive/2026/texmf-dist/tex/latex/base/fontenc.sty
Package: fontenc 2025/07/18 v2.1d Standard LaTeX package
)
(/usr/local/texlive/2026/texmf-dist/tex/latex/fontspec/fontspec.cfg)))

Package fontspec Info: 
(fontspec)             Font family 'Georgia(0)' created for font 'Georgia'
(fontspec)             with options [Ligatures=TeX].
(fontspec)              
(fontspec)              This font family consists of the following NFSS
(fontspec)             series/shapes:
(fontspec)              
(fontspec)             - 'normal' (m/n) with NFSS spec.:
(fontspec)             <->"Georgia/OT:script=latn;language=dflt;mapping=tex-tex
t;"
(fontspec)             - 'bold' (b/n) with NFSS spec.:
(fontspec)             <->"Georgia/B/OT:script=latn;language=dflt;mapping=tex-t
ext;"
(fontspec)             - 'italic' (m/it) with NFSS spec.:
(fontspec)             <->"Georgia/I/OT:script=latn;language=dflt;mapping=tex-t
ext;"
(fontspec)             - 'bold italic' (b/it) with NFSS spec.:
(fontspec)             <->"Georgia/BI/OT:script=latn;language=dflt;mapping=tex-
text;"


Package fontspec Info: 
(fontspec)             Font family 'Arial(0)' created for font 'Arial' with
(fontspec)             options [Ligatures=TeX].
(fontspec)              
(fontspec)              This font family consists of the following NFSS
(fontspec)             series/shapes:
(fontspec)              
(fontspec)             - 'normal' (m/n) with NFSS spec.:
(fontspec)             <->"Arial/OT:script=latn;language=dflt;mapping=tex-text;
"
(fontspec)             - 'bold' (b/n) with NFSS spec.:
(fontspec)             <->"Arial/B/OT:script=latn;language=dflt;mapping=tex-tex
t;"
(fontspec)             - 'italic' (m/it) with NFSS spec.:
(fontspec)             <->"Arial/I/OT:script=latn;language=dflt;mapping=tex-tex
t;"
(fontspec)             - 'bold italic' (b/it) with NFSS spec.:
(fontspec)             <->"Arial/BI/OT:script=latn;language=dflt;mapping=tex-te
xt;"


Package fontspec Info: 
(fontspec)             Menlo scale = 0.86.


Package fontspec Info: 
(fontspec)             Menlo scale = 0.86.


Package fontspec Info: 
(fontspec)             Menlo/B scale = 0.86.


Package fontspec Info: 
(fontspec)             Menlo/I scale = 0.86.


Package fontspec Info: 
(fontspec)             Menlo/BI scale = 0.86.


Package fontspec Info: 
(fontspec)             Font family 'Menlo(0)' created for font 'Menlo' with
(fontspec)             options
(fontspec)             [WordSpace={1,0,0},HyphenChar=None,PunctuationSpace=Word
Space,Scale=0.86].
(fontspec)              
(fontspec)              This font family consists of the following NFSS
(fontspec)             series/shapes:
(fontspec)              
(fontspec)             - 'normal' (m/n) with NFSS spec.:
(fontspec)             <->s*[0.86]"Menlo/AAT"
(fontspec)             - 'bold' (b/n) with NFSS spec.:
(fontspec)             <->s*[0.86]"Menlo/B/AAT"
(fontspec)             - 'italic' (m/it) with NFSS spec.:
(fontspec)             <->s*[0.86]"Menlo/I/AAT"
(fontspec)             - 'bold italic' (b/it) with NFSS spec.:
(fontspec)             <->s*[0.86]"Menlo/BI/AAT"


(/usr/local/texlive/2026/texmf-dist/tex/latex/amsmath/amsmath.sty
Package: amsmath 2025/07/09 v2.17z AMS math features
\@mathmargin=\skip51

For additional information on amsmath, use the `?' option.
(/usr/local/texlive/2026/texmf-dist/tex/latex/amsmath/amstext.sty
Package: amstext 2024/11/17 v2.01 AMS text

(/usr/local/texlive/2026/texmf-dist/tex/latex/amsmath/amsgen.sty
File: amsgen.sty 1999/11/30 v2.0 generic functions
\@emptytoks=\toks19
\ex@=\dimen160
))
(/usr/local/texlive/2026/texmf-dist/tex/latex/amsmath/amsbsy.sty
Package: amsbsy 1999/11/29 v1.2d Bold Symbols
\pmbraise@=\dimen161
)
(/usr/local/texlive/2026/texmf-dist/tex/latex/amsmath/amsopn.sty
Package: amsopn 2022/04/08 v2.04 operator names
)
\inf@bad=\count296
LaTeX Info: Redefining \frac on input line 233.
\uproot@=\count297
\leftroot@=\count298
LaTeX Info: Redefining \overline on input line 398.
LaTeX Info: Redefining \colon on input line 409.
\classnum@=\count299
\DOTSCASE@=\count300
LaTeX Info: Redefining \ldots on input line 495.
LaTeX Info: Redefining \dots on input line 498.
LaTeX Info: Redefining \cdots on input line 619.
\Mathstrutbox@=\box53
\strutbox@=\box54
LaTeX Info: Redefining \big on input line 721.
LaTeX Info: Redefining \Big on input line 722.
LaTeX Info: Redefining \bigg on input line 723.
LaTeX Info: Redefining \Bigg on input line 724.
\big@size=\dimen162
LaTeX Font Info:    Redeclaring font encoding OML on input line 742.
LaTeX Font Info:    Redeclaring font encoding OMS on input line 743.
\macc@depth=\count301
LaTeX Info: Redefining \bmod on input line 904.
LaTeX Info: Redefining \pmod on input line 909.
LaTeX Info: Redefining \smash on input line 939.
LaTeX Info: Redefining \relbar on input line 969.
LaTeX Info: Redefining \Relbar on input line 970.
\c@MaxMatrixCols=\count302
\dotsspace@=\muskip17
\c@parentequation=\count303
\dspbrk@lvl=\count304
\tag@help=\toks20
\row@=\count305
\column@=\count306
\maxfields@=\count307
\andhelp@=\toks21
\eqnshift@=\dimen163
\alignsep@=\dimen164
\tagshift@=\dimen165
\tagwidth@=\dimen166
\totwidth@=\dimen167
\lineht@=\dimen168
\@envbody=\toks22
\multlinegap=\skip52
\multlinetaggap=\skip53
\mathdisplay@stack=\toks23
LaTeX Info: Redefining \[ on input line 2950.
LaTeX Info: Redefining \] on input line 2951.
)
(/usr/local/texlive/2026/texmf-dist/tex/latex/amsfonts/amssymb.sty
Package: amssymb 2013/01/14 v3.01 AMS font symbols

(/usr/local/texlive/2026/texmf-dist/tex/latex/amsfonts/amsfonts.sty
Package: amsfonts 2013/01/14 v3.01 Basic AMSFonts support
\symAMSa=\mathgroup4
\symAMSb=\mathgroup5
LaTeX Font Info:    Redeclaring math symbol \hbar on input line 98.
LaTeX Font Info:    Overwriting math alphabet `\mathfrak' in version `bold'
(Font)                  U/euf/m/n --> U/euf/b/n on input line 106.
))
(/usr/local/texlive/2026/texmf-dist/tex/latex/graphics/graphicx.sty
Package: graphicx 2024/12/31 v1.2e Enhanced LaTeX Graphics (DPC,SPQR)

(/usr/local/texlive/2026/texmf-dist/tex/latex/graphics/graphics.sty
Package: graphics 2024/08/06 v1.4g Standard LaTeX Graphics (DPC,SPQR)

(/usr/local/texlive/2026/texmf-dist/tex/latex/graphics/trig.sty
Package: trig 2023/12/02 v1.11 sin cos tan (DPC)
)
(/usr/local/texlive/2026/texmf-dist/tex/latex/graphics-cfg/graphics.cfg
File: graphics.cfg 2016/06/04 v1.11 sample graphics configuration
)
Package graphics Info: Driver file: xetex.def on input line 106.

(/usr/local/texlive/2026/texmf-dist/tex/latex/graphics-def/xetex.def
File: xetex.def 2025/11/01 v5.0p Graphics/color driver for xetex
))
\Gin@req@height=\dimen169
\Gin@req@width=\dimen170
)
(/usr/local/texlive/2026/texmf-dist/tex/latex/booktabs/booktabs.sty
Package: booktabs 2020/01/12 v1.61803398 Publication quality tables
\heavyrulewidth=\dimen171
\lightrulewidth=\dimen172
\cmidrulewidth=\dimen173
\belowrulesep=\dimen174
\belowbottomsep=\dimen175
\aboverulesep=\dimen176
\abovetopsep=\dimen177
\cmidrulesep=\dimen178
\cmidrulekern=\dimen179
\defaultaddspace=\dimen180
\@cmidla=\count308
\@cmidlb=\count309
\@aboverulesep=\dimen181
\@belowrulesep=\dimen182
\@thisruleclass=\count310
\@lastruleclass=\count311
\@thisrulewidth=\dimen183
)
(/usr/local/texlive/2026/texmf-dist/tex/latex/enumitem/enumitem.sty
Package: enumitem 2025/02/06 v3.11 Customized lists
\labelindent=\skip54
\enit@outerparindent=\dimen184
\enit@toks=\toks24
\enit@inbox=\box55
\enit@count@id=\count312
\enitdp@description=\count313
)
(/usr/local/texlive/2026/texmf-dist/tex/latex/hyperref/hyperref.sty
Package: hyperref 2026-01-29 v7.01p Hypertext links for LaTeX

(/usr/local/texlive/2026/texmf-dist/tex/latex/kvsetkeys/kvsetkeys.sty
Package: kvsetkeys 2022-10-05 v1.19 Key value parser (HO)
)
(/usr/local/texlive/2026/texmf-dist/tex/generic/kvdefinekeys/kvdefinekeys.sty
Package: kvdefinekeys 2019-12-19 v1.6 Define keys (HO)
)
(/usr/local/texlive/2026/texmf-dist/tex/generic/pdfescape/pdfescape.sty
Package: pdfescape 2019/12/09 v1.15 Implements pdfTeX's escape features (HO)

(/usr/local/texlive/2026/texmf-dist/tex/generic/ltxcmds/ltxcmds.sty
Package: ltxcmds 2023-12-04 v1.26 LaTeX kernel commands for general use (HO)
)
(/usr/local/texlive/2026/texmf-dist/tex/generic/pdftexcmds/pdftexcmds.sty
Package: pdftexcmds 2020-06-27 v0.33 Utility functions of pdfTeX for LuaTeX (HO
)

(/usr/local/texlive/2026/texmf-dist/tex/generic/infwarerr/infwarerr.sty
Package: infwarerr 2019/12/03 v1.5 Providing info/warning/error messages (HO)
)
Package pdftexcmds Info: \pdf@primitive is available.
Package pdftexcmds Info: \pdf@ifprimitive is available.
Package pdftexcmds Info: \pdfdraftmode not found.
))
(/usr/local/texlive/2026/texmf-dist/tex/latex/hycolor/hycolor.sty
Package: hycolor 2020-01-27 v1.10 Color options for hyperref/bookmark (HO)
)
(/usr/local/texlive/2026/texmf-dist/tex/latex/hyperref/nameref.sty
Package: nameref 2026-01-29 v2.58 Cross-referencing by name of section

(/usr/local/texlive/2026/texmf-dist/tex/latex/refcount/refcount.sty
Package: refcount 2019/12/15 v3.6 Data extraction from label references (HO)
)
(/usr/local/texlive/2026/texmf-dist/tex/generic/gettitlestring/gettitlestring.s
ty
Package: gettitlestring 2019/12/15 v1.6 Cleanup title references (HO)
 (/usr/local/texlive/2026/texmf-dist/tex/latex/kvoptions/kvoptions.sty
Package: kvoptions 2022-06-15 v3.15 Key value format for package options (HO)
))
\c@section@level=\count314
)
(/usr/local/texlive/2026/texmf-dist/tex/latex/etoolbox/etoolbox.sty
Package: etoolbox 2025/10/02 v2.5m e-TeX tools for LaTeX (JAW)
\etb@tempcnta=\count315
)
(/usr/local/texlive/2026/texmf-dist/tex/generic/stringenc/stringenc.sty
Package: stringenc 2019/11/29 v1.12 Convert strings between diff. encodings (HO
)
)
\@linkdim=\dimen185
\Hy@linkcounter=\count316
\Hy@pagecounter=\count317

(/usr/local/texlive/2026/texmf-dist/tex/latex/hyperref/pd1enc.def
File: pd1enc.def 2026-01-29 v7.01p Hyperref: PDFDocEncoding definition (HO)
)
(/usr/local/texlive/2026/texmf-dist/tex/generic/intcalc/intcalc.sty
Package: intcalc 2019/12/15 v1.3 Expandable calculations with integers (HO)
)
\Hy@SavedSpaceFactor=\count318

(/usr/local/texlive/2026/texmf-dist/tex/latex/hyperref/puenc.def
File: puenc.def 2026-01-29 v7.01p Hyperref: PDF Unicode definition (HO)
)
Package hyperref Info: Hyper figures OFF on input line 4201.
Package hyperref Info: Link nesting OFF on input line 4206.
Package hyperref Info: Hyper index ON on input line 4209.
Package hyperref Info: Plain pages OFF on input line 4216.
Package hyperref Info: Backreferencing OFF on input line 4221.
Package hyperref Info: Implicit mode ON; LaTeX internals redefined.
Package hyperref Info: Bookmarks ON on input line 4468.
\c@Hy@tempcnt=\count319

(/usr/local/texlive/2026/texmf-dist/tex/latex/url/url.sty
\Urlmuskip=\muskip18
Package: url 2013/09/16  ver 3.4  Verb mode for urls, etc.
)
LaTeX Info: Redefining \url on input line 4807.
\XeTeXLinkMargin=\dimen186

(/usr/local/texlive/2026/texmf-dist/tex/generic/bitset/bitset.sty
Package: bitset 2019/12/09 v1.3 Handle bit-vector datatype (HO)

(/usr/local/texlive/2026/texmf-dist/tex/generic/bigintcalc/bigintcalc.sty
Package: bigintcalc 2019/12/15 v1.5 Expandable calculations on big integers (HO
)
))
\Fld@menulength=\count320
\Field@Width=\dimen187
\Fld@charsize=\dimen188
Package hyperref Info: Hyper figures OFF on input line 6084.
Package hyperref Info: Link nesting OFF on input line 6089.
Package hyperref Info: Hyper index ON on input line 6092.
Package hyperref Info: backreferencing OFF on input line 6099.
Package hyperref Info: Link coloring OFF on input line 6104.
Package hyperref Info: Link coloring with OCG OFF on input line 6109.
Package hyperref Info: PDF/A mode OFF on input line 6114.
\Hy@abspage=\count321
\c@Item=\count322
\c@Hfootnote=\count323
)
Package hyperref Info: Driver (autodetected): hxetex.

(/usr/local/texlive/2026/texmf-dist/tex/latex/hyperref/hxetex.def
File: hxetex.def 2026-01-29 v7.01p Hyperref driver for XeTeX
\pdfm@box=\box56
\c@Hy@AnnotLevel=\count324
\HyField@AnnotCount=\count325
\Fld@listcount=\count326
\c@bookmark@seq@number=\count327

(/usr/local/texlive/2026/texmf-dist/tex/latex/rerunfilecheck/rerunfilecheck.sty
Package: rerunfilecheck 2025-06-21 v1.11 Rerun checks for auxiliary files (HO)

(/usr/local/texlive/2026/texmf-dist/tex/generic/uniquecounter/uniquecounter.sty
Package: uniquecounter 2019/12/15 v1.4 Provide unlimited unique counter (HO)
)
Package uniquecounter Info: New unique counter `rerunfilecheck' on input line 2
84.
)
\Hy@SectionHShift=\skip55
) (./report.aux)
\openout1 = `report.aux'.

LaTeX Font Info:    Checking defaults for OML/cmm/m/it on input line 54.
LaTeX Font Info:    ... okay on input line 54.
LaTeX Font Info:    Checking defaults for OMS/cmsy/m/n on input line 54.
LaTeX Font Info:    ... okay on input line 54.
LaTeX Font Info:    Checking defaults for OT1/cmr/m/n on input line 54.
LaTeX Font Info:    ... okay on input line 54.
LaTeX Font Info:    Checking defaults for T1/cmr/m/n on input line 54.
LaTeX Font Info:    ... okay on input line 54.
LaTeX Font Info:    Checking defaults for TS1/cmr/m/n on input line 54.
LaTeX Font Info:    ... okay on input line 54.
LaTeX Font Info:    Checking defaults for TU/lmr/m/n on input line 54.
LaTeX Font Info:    ... okay on input line 54.
LaTeX Font Info:    Checking defaults for OMX/cmex/m/n on input line 54.
LaTeX Font Info:    ... okay on input line 54.
LaTeX Font Info:    Checking defaults for U/cmr/m/n on input line 54.
LaTeX Font Info:    ... okay on input line 54.
LaTeX Font Info:    Checking defaults for PD1/pdf/m/n on input line 54.
LaTeX Font Info:    ... okay on input line 54.
LaTeX Font Info:    Checking defaults for PU/pdf/m/n on input line 54.
LaTeX Font Info:    ... okay on input line 54.

*geometry* driver: auto-detecting
*geometry* detected driver: xetex
*geometry* verbose mode - [ preamble ] result:
* driver: xetex
* paper: <default>
* layout: <same size as paper>
* layoutoffset:(h,v)=(0.0pt,0.0pt)
* modes: 
* h-part:(L,W,R)=(65.44142pt, 483.41216pt, 65.44142pt)
* v-part:(T,H,B)=(65.44142pt, 664.08714pt, 65.44142pt)
* \paperwidth=614.295pt
* \paperheight=794.96999pt
* \textwidth=483.41216pt
* \textheight=664.08714pt
* \oddsidemargin=-6.82857pt
* \evensidemargin=-6.82857pt
* \topmargin=-43.82857pt
* \headheight=12.0pt
* \headsep=25.0pt
* \topskip=11.0pt
* \footskip=30.0pt
* \marginparwidth=59.0pt
* \marginparsep=10.0pt
* \columnsep=10.0pt
* \skip\footins=10.0pt plus 4.0pt minus 2.0pt
* \hoffset=0.0pt
* \voffset=0.0pt
* \mag=1000
* \@twocolumnfalse
* \@twosidefalse
* \@mparswitchfalse
* \@reversemarginfalse
* (1in=72.27pt=25.4mm, 1cm=28.453pt)


Package fontspec Info: 
(fontspec)             Adjusting the maths setup (use [no-math] to avoid
(fontspec)             this).

\symlegacymaths=\mathgroup6
LaTeX Font Info:    Overwriting symbol font `legacymaths' in version `bold'
(Font)                  OT1/cmr/m/n --> OT1/cmr/bx/n on input line 54.
LaTeX Font Info:    Redeclaring math accent \acute on input line 54.
LaTeX Font Info:    Redeclaring math accent \grave on input line 54.
LaTeX Font Info:    Redeclaring math accent \ddot on input line 54.
LaTeX Font Info:    Redeclaring math accent \tilde on input line 54.
LaTeX Font Info:    Redeclaring math accent \bar on input line 54.
LaTeX Font Info:    Redeclaring math accent \breve on input line 54.
LaTeX Font Info:    Redeclaring math accent \check on input line 54.
LaTeX Font Info:    Redeclaring math accent \hat on input line 54.
LaTeX Font Info:    Redeclaring math accent \dot on input line 54.
LaTeX Font Info:    Redeclaring math accent \mathring on input line 54.
LaTeX Font Info:    Redeclaring math symbol \Gamma on input line 54.
LaTeX Font Info:    Redeclaring math symbol \Delta on input line 54.
LaTeX Font Info:    Redeclaring math symbol \Theta on input line 54.
LaTeX Font Info:    Redeclaring math symbol \Lambda on input line 54.
LaTeX Font Info:    Redeclaring math symbol \Xi on input line 54.
LaTeX Font Info:    Redeclaring math symbol \Pi on input line 54.
LaTeX Font Info:    Redeclaring math symbol \Sigma on input line 54.
LaTeX Font Info:    Redeclaring math symbol \Upsilon on input line 54.
LaTeX Font Info:    Redeclaring math symbol \Phi on input line 54.
LaTeX Font Info:    Redeclaring math symbol \Psi on input line 54.
LaTeX Font Info:    Redeclaring math symbol \Omega on input line 54.
LaTeX Font Info:    Redeclaring math symbol \mathdollar on input line 54.
LaTeX Font Info:    Redeclaring symbol font `operators' on input line 54.
LaTeX Font Info:    Encoding `OT1' has changed to `TU' for symbol font
(Font)              `operators' in the math version `normal' on input line 54.
LaTeX Font Info:    Overwriting symbol font `operators' in version `normal'
(Font)                  OT1/cmr/m/n --> TU/Georgia(0)/m/n on input line 54.
LaTeX Font Info:    Encoding `OT1' has changed to `TU' for symbol font
(Font)              `operators' in the math version `bold' on input line 54.
LaTeX Font Info:    Overwriting symbol font `operators' in version `bold'
(Font)                  OT1/cmr/bx/n --> TU/Georgia(0)/m/n on input line 54.
LaTeX Font Info:    Overwriting symbol font `operators' in version `normal'
(Font)                  TU/Georgia(0)/m/n --> TU/Georgia(0)/m/n on input line 5
4.
LaTeX Font Info:    Overwriting math alphabet `\mathit' in version `normal'
(Font)                  OT1/cmr/m/it --> TU/Georgia(0)/m/it on input line 54.
LaTeX Font Info:    Overwriting math alphabet `\mathbf' in version `normal'
(Font)                  OT1/cmr/bx/n --> TU/Georgia(0)/b/n on input line 54.
LaTeX Font Info:    Overwriting math alphabet `\mathsf' in version `normal'
(Font)                  OT1/cmss/m/n --> TU/Arial(0)/m/n on input line 54.
LaTeX Font Info:    Overwriting math alphabet `\mathtt' in version `normal'
(Font)                  OT1/cmtt/m/n --> TU/Menlo(0)/m/n on input line 54.
LaTeX Font Info:    Overwriting symbol font `operators' in version `bold'
(Font)                  TU/Georgia(0)/m/n --> TU/Georgia(0)/b/n on input line 5
4.
LaTeX Font Info:    Overwriting math alphabet `\mathit' in version `bold'
(Font)                  OT1/cmr/bx/it --> TU/Georgia(0)/b/it on input line 54.
LaTeX Font Info:    Overwriting math alphabet `\mathsf' in version `bold'
(Font)                  OT1/cmss/bx/n --> TU/Arial(0)/b/n on input line 54.
LaTeX Font Info:    Overwriting math alphabet `\mathtt' in version `bold'
(Font)                  OT1/cmtt/m/n --> TU/Menlo(0)/b/n on input line 54.
Package hyperref Info: Link coloring OFF on input line 54.
(./report.out) (./report.out)
\@outlinefile=\write3
\openout3 = `report.out'.

LaTeX Font Info:    Trying to load font information for U+msa on input line 56.


(/usr/local/texlive/2026/texmf-dist/tex/latex/amsfonts/umsa.fd
File: umsa.fd 2013/01/14 v3.01 AMS symbols A
)
LaTeX Font Info:    Trying to load font information for U+msb on input line 56.


(/usr/local/texlive/2026/texmf-dist/tex/latex/amsfonts/umsb.fd
File: umsb.fd 2013/01/14 v3.01 AMS symbols B
)

LaTeX Warning: No \author given.

(./report.toc
LaTeX Font Info:    Font shape `TU/Menlo(0)/b/n' will be
(Font)              scaled to size 9.41699pt on input line 2.
LaTeX Font Info:    Font shape `TU/Menlo(0)/m/n' will be
(Font)              scaled to size 9.41699pt on input line 3.
 [1

])
\tf@toc=\write4
\openout4 = `report.toc'.

 [2]
Overfull \hbox (0.20715pt too wide) in paragraph at lines 75--83
\TU/Georgia(0)/m/n/10.95 γεωμετρία), και παραθέτει μετρήσεις επιδόσεων· ο πλήρη
ς πίνακας δεδομένων επικύρωσης βρίσκεται
 []

LaTeX Font Info:    Font shape `TU/Menlo(0)/b/n' will be
(Font)              scaled to size 12.384pt on input line 85.
LaTeX Font Info:    Font shape `TU/Menlo(0)/b/n' will be
(Font)              scaled to size 10.32pt on input line 87.

Overfull \hbox (27.33911pt too wide) in paragraph at lines 97--106
\TU/Georgia(0)/m/n/10.95 παράγοντας ανέμου $\OML/cmm/m/it/10.95 ^^^[]$ \TU/Geor
gia(0)/m/n/10.95 (με όριο 1500 ft/min) και παράγοντας κλίσης $\OML/cmm/m/it/10.
95 ^^^[]$ \TU/Georgia(0)/m/n/10.95 — και παράγει πίνακα πιθανοτήτων
 []


Overfull \hbox (19.76772pt too wide) in paragraph at lines 109--113
\TU/Georgia(0)/m/n/10.95 ανέμου, log-normal κατανομή απόστασης πτήσης, απόσβεση
 από την τοπική ισχύ γραμμών ανάσχεσης
 []


Overfull \hbox (9.30675pt too wide) in paragraph at lines 113--116
[]\TU/Georgia(0)/m/it/10.95 Νερό/κατάσβεση\TU/Georgia(0)/m/n/10.95 : πιθανοτική
 κατάσβεση με σιγμοειδή συνάρτηση (ποσότητα νερού έναντι φορτίου
 []

LaTeX Font Info:    Font shape `TU/Menlo(0)/m/n' will be
(Font)              scaled to size 7.74pt on input line 125.

Overfull \hbox (2.67964pt too wide) in paragraph at lines 129--139
\TU/Georgia(0)/m/n/10.95 Ορίζονται 23 ελληνικές κλάσεις καύσιμης ύλης (\TU/Menl
o(0)/m/n/10.95 GREEK_FUELS\TU/Georgia(0)/m/n/10.95 ): πεύκα (χαλέπιος, τραχεία 
κ.λπ.), μακία,
 []


Overfull \hbox (8.4325pt too wide) in paragraph at lines 129--139
\TU/Georgia(0)/m/n/10.95 φρύγανα, ξηρά χόρτα, ελαιώνες, δρυοδάση κ.ά., με πλήρε
ις παραμέτρους Rothermel (fuel load, surface-
 []


Overfull \hbox (1.02911pt too wide) in paragraph at lines 129--139
\TU/Georgia(0)/m/n/10.95 της καύσιμης ύλης προκύπτει από το Equilibrium Moistur
e Content (θερμοκρασία / σχετική υγρασία). 
 []

[3]
Overfull \hbox (23.51634pt too wide) in paragraph at lines 142--145
\TU/Georgia(0)/m/n/10.95 Ο άνεμος midflame προκύπτει από τρία διαδοχικά στρώματ
α διόρθωσης πάνω στον βασικό μετεωρολογικό
 []


Overfull \hbox (19.58487pt too wide) in paragraph at lines 148--150
[]\TU/Georgia(0)/m/it/10.95 Ορογραφική ενίσχυση\TU/Georgia(0)/m/n/10.95 : επιτά
χυνση σε ανηφορική ροή με πρόσθετο μπόνους νότιου προσανατολισμού. 
 []


Underfull \hbox (badness 1132) in paragraph at lines 165--165
[]\TU/Georgia(0)/m/n/10.95 Figure 2: []Διορθωμένο πεδίο ανέμου πάνω σε πραγματι
κό ανάγλυφο (streamlines): αριστερά
 []


Overfull \hbox (40.7619pt too wide) in paragraph at lines 169--176
\TU/Georgia(0)/m/n/10.95 Ο \TU/Menlo(0)/m/n/10.95 MicroclimateLearner \TU/Georg
ia(0)/m/n/10.95 διατηρεί rolling average χάρτη συχνότητας καύσης \TU/Menlo(0)/m
/n/10.95 ignition_freq \TU/Georgia(0)/m/n/10.95 από προηγούμενα
 []


Overfull \hbox (39.81508pt too wide) in paragraph at lines 169--176
\TU/Georgia(0)/m/n/10.95 αναλύσεων και \TU/Menlo(0)/m/n/10.95 apply_to_model() 
\TU/Georgia(0)/m/n/10.95 που ενισχύει το \TU/Menlo(0)/m/n/10.95 p_spread \TU/Ge
orgia(0)/m/n/10.95 σε ιστορικά ενεργούς διαδρόμους. Ενημερώνεται
 []


Overfull \hbox (10.34276pt too wide) in paragraph at lines 183--185
[]\TU/Georgia(0)/m/n/10.95 DEM: Copernicus COP30 μέσω terrain-tiles API (zoom 1
4), cache \TU/Menlo(0)/m/n/10.95 terrain_{lat}_{lon}_{buf}.tif\TU/Georgia(0)/m/
n/10.95 . 
 []

[4]
Overfull \hbox (18.90784pt too wide) in paragraph at lines 189--191
[]\TU/Menlo(0)/m/n/10.95 fetch_osm_places()\TU/Georgia(0)/m/n/10.95 : ονομασμέν
οι οικισμοί (place$\OT1/cmr/m/n/10.95 =$\TU/Georgia(0)/m/n/10.95 city/town/vill
age/hamlet/suburb) για τον Threat
 []


Overfull \hbox (3.52002pt too wide) in paragraph at lines 194--200
\TU/Georgia(0)/m/n/10.95 Φόρτωση FIRED daily perimeters (GeoPackage 22 MB, 24.8
67 features, Ελλάδα 2000–2024). Γνωστά
 []


Overfull \hbox (0.85841pt too wide) in paragraph at lines 202--208
\TU/Georgia(0)/m/n/10.95 Meteo ERA5 archive: άνεμος 10 m, διεύθυνση, θερμοκρασί
α, σχετική υγρασία ανά ώρα, με μετατροπή
 []


Overfull \hbox (11.11755pt too wide) in paragraph at lines 202--208
\TU/Georgia(0)/m/n/10.95 της σύμβασης διεύθυνσης «από» $\OMS/cmsy/m/n/10.95 !$ 
\TU/Georgia(0)/m/n/10.95 «προς». Εύρημα validation: το ERA5 0,25$[]$ υποεκτιμά 
συστηματικά
 []


Overfull \hbox (20.15602pt too wide) in paragraph at lines 202--208
\TU/Georgia(0)/m/n/10.95 τον άνεμο των ημερών έκρηξης κατά 0,4–3 m/s — εξ ου κα
ι ο πολλαπλασιαστής ανέμου στη βαθμονόμηση. 
 []


Overfull \hbox (5.58803pt too wide) in paragraph at lines 213--223
\TU/Georgia(0)/m/n/10.95 Particle Swarm 12 παραμέτρων που ταιριάζει την προσομο
ίωση σε χειροκίνητα σχεδιασμένη περίμετρο
 []


Overfull \hbox (7.74203pt too wide) in paragraph at lines 213--223
\TU/Georgia(0)/m/n/10.95 «αληθείας» στο UI. Χώρος αναζήτησης: πολλαπλασιαστής κ
αι στροφή ανέμου, offset υγρασίας, canopy
 []


Overfull \hbox (16.40604pt too wide) in paragraph at lines 213--223
\TU/Georgia(0)/m/n/10.95 WAF, slope factor, 5 πολλαπλασιαστές ROS ανά ομάδα καύ
σιμης ύλης, spotting rate, κατώφλι ανάφλεξης.
 []


Overfull \hbox (20.20735pt too wide) in paragraph at lines 213--223
\TU/Georgia(0)/m/n/10.95 χρονική στιγμή της μάσκας, συν ensemble heatmap πρόβλε
ψης $\OT1/cmr/m/n/10.95 +1$ \TU/Georgia(0)/m/n/10.95 h από τα top-50 τρεξίματα.
 Επιστρέφει
 []

[5]
Overfull \hbox (59.77188pt too wide) in paragraph at lines 224--228
\TU/Georgia(0)/m/n/10.95 παράγοντας επιβιώνει πλέον ως attribute (\TU/Menlo(0)/
m/n/10.95 _canopy_wind_mult\TU/Georgia(0)/m/n/10.95 ) και οι λοιποί πολλαπλασια
στές επανεφαρμόζονται
 []


Underfull \hbox (badness 1142) in paragraph at lines 231--231
[]\TU/Georgia(0)/m/n/10.95 Figure 3: []Σύγκλιση PSO: βέλτιστο IoU ανά γενιά για
 5 ανεξάρτητα τρεξίματα, με και χωρίς
 []


Overfull \hbox (14.90918pt too wide) in paragraph at lines 234--240
\TU/Georgia(0)/m/n/10.95 υγρασίας $\OT1/cmr/m/n/10.95 [\OMS/cmsy/m/n/10.95 ^^@\
OT1/cmr/m/n/10.95 0[]15\OML/cmm/m/it/10.95 ; \OT1/cmr/m/n/10.95 0]$\TU/Georgia(
0)/m/n/10.95 , πολλαπλασιαστής ανέμου $\OT1/cmr/m/n/10.95 [0[]5\OML/cmm/m/it/10
.95 ; \OT1/cmr/m/n/10.95 6]$\TU/Georgia(0)/m/n/10.95 , στροφή ανέμου $\OMS/cmsy
/m/n/10.95 ^^F\OT1/cmr/m/n/10.95 30[]$\TU/Georgia(0)/m/n/10.95 , κατώφλι ανάφλε
ξης $\OT1/cmr/m/n/10.95 [0[]15\OML/cmm/m/it/10.95 ; \OT1/cmr/m/n/10.95 1]$\TU/G
eorgia(0)/m/n/10.95 ,
 []


Underfull \hbox (badness 1281) in paragraph at lines 265--265
[]\TU/Georgia(0)/m/n/10.95 Figure 4: []Διαγνωστικό τετράπτυχο hindcast (Εύβοια 
2021, ημέρα 4, perimeter assimilation):
 []


Underfull \hbox (badness 3503) in paragraph at lines 265--265
\TU/Georgia(0)/m/n/10.95 παρατηρημένη περίμετρος FIRED, προσομοιωμένη έκταση, ε
πικάλυψη (IoU 53,2%), χάρτης
 []

[6]
Overfull \hbox (60.26805pt too wide) in paragraph at lines 288--296
\TU/Georgia(0)/m/n/10.95 (π.χ. «smoke») απλώς σημειώνονται στο πλαίσιο προεπισκ
όπησης. Στην IR παραλλαγή (\TU/Menlo(0)/m/n/10.95 drone/fire_tracker.py\TU/Geor
gia(0)/m/n/10.95 )
 []

[7]
Underfull \hbox (badness 10000) in paragraph at lines 308--308
[]\TU/Georgia(0)/m/n/10.95 Figure 6: []Παραδείγματα ανίχνευσης σε πραγματικό υλ
ικό πτήσης (φάκελος
 []


Overfull \hbox (26.53279pt too wide) in paragraph at lines 312--314
\TU/Georgia(0)/m/n/10.95 Μέσα στο crop της φωτιάς εφαρμόζεται συνδυασμός εμπειρ
ικών χρωματικών κανόνων σε δύο χρωματικούς
 []


Overfull \hbox (28.69072pt too wide) in paragraph at lines 322--327
\TU/Georgia(0)/m/n/10.95 απόλυτη φωτεινότητα στο κόκκινο κανάλι, και το R3 περι
ορίζει τους λόγους καναλιών ώστε να αποκλείονται
 []


Overfull \hbox (9.84457pt too wide) in paragraph at lines 348--353
\TU/Georgia(0)/m/n/10.95 και επιλέγεται η $\OML/cmm/m/it/10.95 M[]$ \TU/Georgia
(0)/m/n/10.95 όταν οι δύο μάσκες συμφωνούν σε $\OMS/cmsy/m/n/10.95 ^^U \OT1/cmr
/m/n/10.95 75[]$ \TU/Georgia(0)/m/n/10.95 των pixels του crop (ένδειξη «εύκολης
»
 []

[8]
Overfull \hbox (1.72504pt too wide) in paragraph at lines 361--369
\TU/Georgia(0)/m/n/10.95 στέλνει pseudo-color παλέτα π.χ. Ironbow), Gaussian bl
ur $\OT1/cmr/m/n/10.95 5 \OMS/cmsy/m/n/10.95 ^^B \OT1/cmr/m/n/10.95 5$ \TU/Geor
gia(0)/m/n/10.95 για τον έντονο θόρυβο των αισθητήρων
 []


Overfull \hbox (8.79272pt too wide) in paragraph at lines 361--369
\TU/Georgia(0)/m/n/10.95 els. Το κατώφλι είναι ρυθμιζόμενο ανά κάμερα, αφού η α
ντιστοίχιση θερμοκρασίας–έντασης εξαρτάται
 []


Overfull \hbox (1.86174pt too wide) in paragraph at lines 377--384
\TU/Georgia(0)/m/n/10.95 Η δυαδική μάσκα καθαρίζεται με μορφολογικό κλείσιμο (ε
λλειπτικό στοιχείο $\OT1/cmr/m/n/10.95 4 \OMS/cmsy/m/n/10.95 ^^B \OT1/cmr/m/n/1
0.95 4$\TU/Georgia(0)/m/n/10.95 ) και διπλή διαστολή,
 []


Overfull \hbox (10.37506pt too wide) in paragraph at lines 377--384
\TU/Georgia(0)/m/n/10.95 ώστε να γεφυρωθούν οι ασυνέχειες που προκαλεί το τρεμό
παιγμα της φλόγας. Ακολουθεί \TU/Menlo(0)/m/n/10.95 findContours
 []


Overfull \hbox (9.30362pt too wide) in paragraph at lines 377--384
\TU/Georgia(0)/m/n/10.95 (εξωτερικά περιγράμματα) και επιλέγεται το μεγαλύτερο 
κατά εμβαδόν, με ελάχιστο αποδεκτό εμβαδόν
 []

[9]
Overfull \hbox (6.99643pt too wide) in paragraph at lines 390--396
[]\TU/Georgia(0)/m/it/10.95 Ρυθμός οπτικής μεγέθυνσης \TU/Georgia(0)/m/n/10.95 
(optical growth rate): κυλιόμενο ιστορικό 15 δειγμάτων $\OT1/cmr/m/n/10.95 (\OM
L/cmm/m/it/10.95 t[]; A[]\OT1/cmr/m/n/10.95 )$ \TU/Georgia(0)/m/n/10.95 εμβαδού

 []


Overfull \hbox (92.12001pt too wide) in paragraph at lines 416--416
[]\TU/Georgia(0)/b/n/14.4 Τρισδιάστατη γεωμετρία Ι: γεωαναφορά pixel $\OMS/cmsy
/m/n/14.4 !$ \TU/Georgia(0)/b/n/14.4 GPS (\TU/Menlo(0)/b/n/14.4 drone/src/geome
try.py\TU/Georgia(0)/b/n/14.4 ) 
 []


Package hyperref Warning: Token not allowed in a PDF string (Unicode):
(hyperref)                removing `math shift' on input line 416.


Package hyperref Warning: Token not allowed in a PDF string (Unicode):
(hyperref)                removing `\to' on input line 416.


Package hyperref Warning: Token not allowed in a PDF string (Unicode):
(hyperref)                removing `math shift' on input line 416.


Overfull \hbox (28.58879pt too wide) in paragraph at lines 418--423
\TU/Georgia(0)/m/n/10.95 Η καρδιά του drone pipeline είναι η προβολή ενός pixel
 φωτιάς $\OT1/cmr/m/n/10.95 (\OML/cmm/m/it/10.95 u; v\OT1/cmr/m/n/10.95 )$ \TU/
Georgia(0)/m/n/10.95 σε απόλυτη γεωγραφική συντεταγμένη
 []


Overfull \hbox (14.19739pt too wide) in paragraph at lines 418--423
\TU/Georgia(0)/m/n/10.95 WGS-84, με χρήση του μοντέλου pinhole κάμερας και της 
ζωντανής τηλεμετρίας του drone. Η υλοποίηση
 []


Overfull \hbox (24.9697pt too wide) in paragraph at lines 418--423
\TU/Georgia(0)/m/n/10.95 (\TU/Menlo(0)/m/n/10.95 FireGeolocator.pixel_to_gps()\
TU/Georgia(0)/m/n/10.95 ) ακολουθεί έξι βήματα με σαφώς ορισμένα συστήματα συντ
εταγμένων. 
 []

[10]
Overfull \hbox (31.07803pt too wide) in paragraph at lines 435--437
\TU/Georgia(0)/m/n/10.95 Η προεπιλεγμένη τοποθέτηση κάμερας είναι \TU/Georgia(0
)/m/it/10.95 nadir \TU/Georgia(0)/m/n/10.95 (κατακόρυφα προς τα κάτω), με τη στ
αθερή αντιστοίχιση 
 []

[11]

Package hyperref Warning: Token not allowed in a PDF string (Unicode):
(hyperref)                removing `math shift' on input line 480.


Package hyperref Warning: Token not allowed in a PDF string (Unicode):
(hyperref)                removing `\to' on input line 480.


Package hyperref Warning: Token not allowed in a PDF string (Unicode):
(hyperref)                removing `math shift' on input line 480.


Package hyperref Warning: Token not allowed in a PDF string (Unicode):
(hyperref)                removing `math shift' on input line 480.


Package hyperref Warning: Token not allowed in a PDF string (Unicode):
(hyperref)                removing `\to' on input line 480.


Package hyperref Warning: Token not allowed in a PDF string (Unicode):
(hyperref)                removing `math shift' on input line 480.


Package hyperref Warning: Token not allowed in a PDF string (Unicode):
(hyperref)                removing `math shift' on input line 518.


Package hyperref Warning: Token not allowed in a PDF string (Unicode):
(hyperref)                removing `\to' on input line 518.


Package hyperref Warning: Token not allowed in a PDF string (Unicode):
(hyperref)                removing `math shift' on input line 518.


Overfull \hbox (7.716pt too wide) in paragraph at lines 520--522
\TU/Georgia(0)/m/n/10.95 Οι μετατοπίσεις σε μέτρα μετατρέπονται σε γεωδαιτικές 
με equirectangular προσέγγιση μικρών γωνιών
 []


Overfull \hbox (22.10176pt too wide) in paragraph at lines 526--530
\TU/Georgia(0)/m/n/10.95 όπου $\OML/cmm/m/it/10.95 '[]$ \TU/Georgia(0)/m/n/10.9
5 το γεωγραφικό πλάτος του drone. Για εμβέλειες εκατοντάδων μέτρων το σφάλμα τη
ς προσέγγισης
 []

[12]
Overfull \hbox (3.95079pt too wide) in paragraph at lines 566--571
\TU/Georgia(0)/m/n/10.95 βίντεο του DJI GO 4 συγχρονίζεται με το flight record 
(\TU/Menlo(0)/m/n/10.95 .txt $\OMS/cmsy/m/n/10.95 !$ \TU/Georgia(0)/m/n/10.95 C
SV μέσω dji-log-parser). Ο \TU/Menlo(0)/m/n/10.95 DJILogBook
 []


Overfull \hbox (32.27216pt too wide) in paragraph at lines 571--574
[]\TU/Georgia(0)/m/it/10.95 Ασαφής αντιστοίχιση στηλών\TU/Georgia(0)/m/n/10.95 
: τα ονόματα κεφαλίδων διαφέρουν ανά exporter, οπότε κανονικοποιούνται
 []

[13]
Overfull \hbox (30.51683pt too wide) in paragraph at lines 605--615
\TU/Georgia(0)/m/n/10.95 Ο «ελεγκτής κυκλοφορίας» ενώνει όραση και γεωμετρία πί
σω από μια αφηρημένη διεπαφή \TU/Menlo(0)/m/n/10.95 DroneInterface
 []


Overfull \hbox (60.71039pt too wide) in paragraph at lines 605--615
\TU/Georgia(0)/m/n/10.95 με τρεις υλοποιήσεις: (1) \TU/Menlo(0)/m/n/10.95 MAVLi
nkInterface \TU/Georgia(0)/m/n/10.95 για ArduPilot/PX4 (τηλεμετρία από \TU/Menl
o(0)/m/n/10.95 GLOBAL_POSITION_INT\TU/Georgia(0)/m/n/10.95 +\TU/Menlo(0)/m/n/10
.95 ATTITUDE
 []


Overfull \hbox (2.80362pt too wide) in paragraph at lines 605--615
\TU/Georgia(0)/m/n/10.95 στα 10 Hz, μη-μπλοκάρουσα αποστράγγιση μηνυμάτων, βίντ
εο από USB/RTSP), (2) \TU/Menlo(0)/m/n/10.95 DJILogInterface
 []


Overfull \hbox (39.54958pt too wide) in paragraph at lines 605--615
\TU/Georgia(0)/m/n/10.95 ανίχνευση καταγράφεται στο \TU/Menlo(0)/m/n/10.95 data
/fire_gps_log.csv \TU/Georgia(0)/m/n/10.95 (χρονοσφραγίδα UTC, θέση/στάση drone
, εκτιμώμενη
 []


Overfull \hbox (13.19673pt too wide) in paragraph at lines 605--615
\TU/Georgia(0)/m/n/10.95 θέση φωτιάς, εμβέλεια, εμπιστοσύνη, pixel), ώστε οι εν
τοπισμοί να μπορούν μελλοντικά να τροφοδοτούν
 []

[14]
Overfull \hbox (43.68532pt too wide) in paragraph at lines 623--623
[]\TU/Georgia(0)/b/n/14.4 Τρισδιάστατη γεωμετρία ΙΙ: ανακατασκευή και απεικόνισ
η αναγλύφου 
 []


Overfull \hbox (13.12675pt too wide) in paragraph at lines 632--637
\TU/Georgia(0)/m/n/10.95 μήκος διορθώνεται κατά $\OT1/cmr/m/n/10.95 1/ [] \OML/
cmm/m/it/10.95 '$ \TU/Georgia(0)/m/n/10.95 ώστε πλάτος και ύψος σε μέτρα να ταυ
τίζονται (\TU/Menlo(0)/m/n/10.95 _square_bounds()\TU/Georgia(0)/m/n/10.95 ),
 []

[15] [16]
Overfull \hbox (6.9806pt too wide) in paragraph at lines 678--682
\TU/Georgia(0)/m/n/10.95 firebreak (σκληρό φράγμα που μπλοκάρει και τις καύτρες
 στη διαδρομή), water drop/brush (Monte-
 []


Overfull \hbox (19.9552pt too wide) in paragraph at lines 682--685
[]\TU/Georgia(0)/m/it/10.95 Ωριαίος καιρός\TU/Georgia(0)/m/n/10.95 : ενημέρωση 
από ERA5 όταν δίνεται ημερομηνία, με επανεφαρμογή της βαθμονόμησης
 []


Overfull \hbox (11.81874pt too wide) in paragraph at lines 685--689
[]\TU/Georgia(0)/m/it/10.95 Optimizer continue-modes\TU/Georgia(0)/m/n/10.95 : 
\TU/Menlo(0)/m/n/10.95 ground_truth \TU/Georgia(0)/m/n/10.95 (η περίμετρος της 
μάσκας καίγεται, το εσωτερικό καμένο)
 []


Overfull \hbox (33.78308pt too wide) in paragraph at lines 697--708
\TU/Georgia(0)/m/n/10.95 θέμα light/dark (Catppuccin) και 41 προγραμματιστικά π
αραγόμενα PNG εικονίδια (\TU/Menlo(0)/m/n/10.95 assets/gen_icons.py\TU/Georgia(
0)/m/n/10.95 ).
 []


Overfull \hbox (10.5721pt too wide) in paragraph at lines 711--711
[]\TU/Georgia(0)/b/n/14.4 Σύμβουλος απειλών (Threat Advisor) \TU/Menlo(0)/b/n/1
4.4 pipeline/threat_advisor.py 
 []


Overfull \hbox (1.06879pt too wide) in paragraph at lines 719--722
[]\TU/Georgia(0)/m/n/10.95 Γλωσσικές αναφορές \TU/Georgia(0)/m/it/10.95 μόνο σε
 κλιμάκωση $\OT1/cmr/m/n/10.95 +$ \TU/Georgia(0)/m/n/10.95 προτάσεις: σημείο ρί
ψης νερού στο 35% της διαδρομής
 []


Overfull \hbox (7.04572pt too wide) in paragraph at lines 738--744
\TU/Georgia(0)/m/n/10.95 και άνοιγμα browser. \TU/Menlo(0)/m/n/10.95 gui_launch
er.py\TU/Georgia(0)/m/n/10.95 : Tkinter GUI του hindcast pipeline βήμα-βήμα. \T
U/Menlo(0)/m/n/10.95 firebreak.py\TU/Georgia(0)/m/n/10.95 :
 []

[17]
Overfull \hbox (13.40623pt too wide) in paragraph at lines 749--754
\TU/Georgia(0)/m/n/10.95 Το πλήρες παράρτημα μετρήσεων βρίσκεται στο \TU/Menlo(
0)/m/n/10.95 report_data.tex/.pdf\TU/Georgia(0)/m/n/10.95 : hindcast sweep 13 τ
ρεξιμάτων,
 []


Overfull \hbox (5.3802pt too wide) in paragraph at lines 749--754
\TU/Georgia(0)/m/n/10.95 καμπύλες φυσικής, αποτελεσματικότητα επεμβάσεων (αντιπ
υρική ζώνη 53–54%, ρίψεις 46%, γραμμές
 []


Overfull \hbox (30.55049pt too wide) in paragraph at lines 757--762
[]\TU/Georgia(0)/m/it/10.95 Προσομοίωση\TU/Georgia(0)/m/n/10.95 : απουσία μοντέ
λου ενεργητικής κατάσβεσης (συστηματική υπερπρόβλεψη), επιφανειακή
 []


Overfull \hbox (8.25244pt too wide) in paragraph at lines 774--781
\TU/Georgia(0)/m/n/10.95 πληθυσμός οικισμών στην ιεράρχηση του Threat Advisor· 
\TU/Georgia(0)/m/it/10.95 σύνδεση των drone ανιχνεύσεων με αυτόματη
 []

LaTeX Font Info:    Font shape `TU/Menlo(0)/m/n' will be
(Font)              scaled to size 8.6pt on input line 800.

Underfull \hbox (badness 10000) in paragraph at lines 800--801
[]\TU/Georgia(0)/m/n/10 Σουίτα χαρακτηρισμού φυσικής (sweep ROS–
 []


Underfull \hbox (badness 10000) in paragraph at lines 800--801
\TU/Georgia(0)/m/n/10 άνεμος/κλίση/υγρασία)· τα δεδομένα υπάρχουν στο
 []


Underfull \hbox (badness 10000) in paragraph at lines 802--803
[]\TU/Georgia(0)/m/n/10 Καταγραφή best-IoU ανά γενιά από το
 []


Underfull \hbox (badness 10000) in paragraph at lines 802--803
\TU/Menlo(0)/m/n/10 particle_optimizer.py \TU/Georgia(0)/m/n/10 (5 seeds, με/χω
ρίς microcli-
 []


Underfull \hbox (badness 10000) in paragraph at lines 803--804
[]\TU/Menlo(0)/m/n/10 python gui_launcher.py \TU/Georgia(0)/m/n/10 ή απευθείας
 []


Underfull \hbox (badness 10000) in paragraph at lines 803--804
\TU/Menlo(0)/m/n/10 hindcast_optimizer.py \TU/Georgia(0)/m/n/10 — το τετράπτυχο
 PNG της
 []


Underfull \hbox (badness 10000) in paragraph at lines 805--806
[]\TU/Georgia(0)/m/n/10 Μωσαϊκό από υπάρχοντα frames στο
 []


Underfull \hbox (badness 10000) in paragraph at lines 805--806
\TU/Menlo(0)/m/n/10 drone/data/vision_check/ \TU/Georgia(0)/m/n/10 (frame_*.png
, node-
 []


Underfull \hbox (badness 10000) in paragraph at lines 807--808
[]\TU/Menlo(0)/m/n/10 python drone/fire_tracker.py \TU/Georgia(0)/m/n/10 σε \TU
/Menlo(0)/m/n/10 test_ir.mp4 \TU/Georgia(0)/m/n/10 με
 []


Underfull \hbox (badness 7759) in paragraph at lines 808--809
[]\TU/Georgia(0)/m/n/10 Plot της χρονοσειράς \TU/Menlo(0)/m/n/10 area_history \
TU/Georgia(0)/m/n/10 από τρέξιμο του
 []


Underfull \hbox (badness 10000) in paragraph at lines 812--813
[]\TU/Georgia(0)/m/n/10 Plot του \TU/Menlo(0)/m/n/10 drone/data/fire_gps_log.cs
v \TU/Georgia(0)/m/n/10 πάνω σε
 []


Underfull \hbox (badness 10000) in paragraph at lines 813--814
[]\TU/Georgia(0)/m/n/10 Plot στηλών height/gimbalpitch/yaw/isVideo από
 []


Underfull \hbox (badness 10000) in paragraph at lines 813--814
\TU/Georgia(0)/m/n/10 το \TU/Menlo(0)/m/n/10 ExportCSV_2026-07-08_[15-30-54].cs
v \TU/Georgia(0)/m/n/10 μέσω
 []

[18] [19] (./report.aux)
 ***********
LaTeX2e <2025-11-01>
L3 programming layer <2026-01-19>
 ***********
Package rerunfilecheck Info: File `report.out' has not changed.
(rerunfilecheck)             Checksum: D39F2C3F5DBD628AD89CF924C7B6785A;14489.
 ) 
Here is how much of TeX's memory you used:
 12780 strings out of 468168
 246962 string characters out of 5432815
 728233 words of memory out of 5000000
 41309 multiletter control sequences out of 15000+600000
 637966 words of font info for 135 fonts, out of 8000000 for 9000
 1348 hyphenation exceptions out of 8191
 73i,12n,95p,586b,461s stack positions out of 10000i,1000n,20000p,200000b,200000s

Output written on report.pdf (19 pages).
